// Jest Snapshot v1, https://goo.gl/fbAQLP

exports[`StatusBoxLoader renders correctly 1`] = `
<Fragment>
  <StatusBoxTitle />
  <div
    className="card card-secondary"
  >
    <div
      className="d-flex p-3 status-box-row tv-table__row"
    >
      <Shimmer
        height={52}
      />
    </div>
    <div
      className="d-flex p-3 status-box-row tv-table__row"
    >
      <Shimmer
        height={76}
      />
    </div>
    <div
      className="d-flex p-3 status-box-row"
    >
      <Shimmer
        height={76}
      />
    </div>
  </div>
</Fragment>
`;
