// Jest Snapshot v1, https://goo.gl/fbAQLP

exports[`Header renders my account button 1`] = `
<a
  className="icon-link"
  href="/account"
>
  <MemoizedFormattedMessage
    id="header.my.account"
  />
</a>
`;
